# MyOS QA / Progress Log

Format: `DATE  milestone | validation | environment`

Build gate for every entry: `make clean && make all` with `-Wall -Wextra
-Werror` must produce zero warnings/errors.
Boot gate: QEMU `-m 1G -smp 1` headless reaches the shell (serial).

---

## 2026-09-24 — Phase 0 complete; Phase 1 batch 1-3 applied

| Req | Change | Files |
|-----|--------|-------|
| M1 | Reserve heap `[0x4000000, 0x5000000)` + boot stack `[0x8FE000, 0x902000]` in PMM so the allocator never overlaps them | kernel/pmm.c (`pmm_reserve_range`), kernel/pmm.h, kernel/heap.c, kernel/kernel.c |
| P1 | EOI the local APIC BEFORE `scheduler_tick()` may context-switch | kernel/timer.c |
| P10 | Only read `apic_get_id()` when the LAPIC is enabled (PIT fallback safe) | kernel/timer.c (3 sites) |
| M2 | Serialize PMM alloc/free against interrupt context (cli/eflags-save) | kernel/pmm.c |
| M3 | Heap critical sections IRQ-safe (refactored `heap_lock` to save IF + spin) | kernel/heap.c |
| P9 | `timer_add`/`timer_del` cli-guarded (timer_list shared with ISR `timer_tick_process`) | kernel/timer.c |
| P8 | context_switch: switch RSP before `popfq` so IF re-enable can't run the new task on the old stack | kernel/context_switch.asm |
| P3 | `process_fork` refuses cleanly until ring-3 resume infra exists (no more `rip=0` footgun); `sys_fork` guards NULL trap_frame | kernel/process.c, kernel/syscall.c |
| S5 | Replaced the broken `<0xC0000000` user check with `in_user_range` band check `[0x40000000, 0xFFFF800000000000)`; applied to copy_from/to_user, sys_read and sys_write buffers | kernel/syscall.c |
| S9 | devfs caches one node per device (created at init) — lookups no longer allocate or leak; removed dead wm_pipe branch | fs/devfs.c |
| — | Architecture docs written | docs/audit/AUDIT.md, docs/architecture/ARCHITECTURE.md, docs/architecture/ROADMAP.md |

Validation: build clean; QEMU boot clean to shell. Heap/boot-stack reservation
visible in boot log (`reserved boot stack frames: 4`; no `[HEAP] WARNING`).
Timer ticks and shell are healthy after EOI reorder.

### Phase 1 batch 4 (same session):
| S6 | Hardened elf32 loader: header-table and segment bounds vs file size, vaddr wrap/cap, no W-on-unrequested segments, full rollback (unmap+free) on mid-load failure | kernel/elf.c, kernel/elf.h |
| — | Bounded I/O polling: serial_write, screen.c serial_putc, fb_wait_vsync, apic_send_ipi no longer spin forever on absent/stuck hardware | drivers/serial.c, drivers/screen.c, drivers/framebuffer.c, kernel/apic.c |

Validation: build clean; QEMU boot clean to shell.

### Outstanding (next):
- S8 process_wait/kill wiring, sys_exit zombie reaping, S6 ELF validation (done above)
- Process-reaping / ABI-frozen userspace design decisions → Phase 2 entry ("goto decision point")
- VFS walk hardening (ramfs_finddir, procfs stub), further tokens
- Phase 2 entry: SYSCALL stack + TSS rsp0, ABI arg convention, ring-3 ELF

### Phase 2.2 — Ring-3 userspace LIVE (2026-09-24)
Verified via embedded `hello` ELF64 (crt0.asm + libc.c `_syscall` SysV ABI):
- `create_user_hello` -> scheduler -> trampoline iretq -> Ring-3 CR0 WP alive
- `Hello from User Space!` (write), `My PID is: 1` (getpid), `Sleeping for 1 second...`
  (sleep: pass through syscall_dispatch dispatch) `Done! Exiting.` -> socket? No -> sys_exit ->
  `[PROC] 'hello' (PID 1) exited with code 0` -> zombie -> context switch -> shell `myos>`
- Build gate clean (-Wall -Wextra -Werror), boot gate ok (no #GP/#PF/#UD).

### Phase 2.3 — Bug found & fixed: swapgs/GS-BASE vs active %gs (2026-09-24)
Symptom: #GP(13) inside syscall_entry64 at `mov %r15,(%rcx)` with rcx bogus; diagnostics
showed `GS_BASE=0 KERNEL_GS=0` and `gs:0=0xf000ff53f000ff53`.
- probe: after `wrmsr(IA32_GS_BASE, &syscall_cpu)` a C `movq %%gs:0` read BACK **0** (expected 0x28a450).
  => On this QEMU/kernel the architectural MSR write does NOT update the active %gs segment
  base, so any `%gs:0`-relative per-CPU scheme is dead on arrival here.
- Fix: syscall entry no longer uses GS. `syscall_cpu[8]` is absolute-address memory
  (extern symbol in context_switch.asm): [0]=kernel stack top, [1..4]=entry scratch.
  Context_switch.asm: swapgs removed from syscall_entry64, usermode_enter_trampoline,
  enter_usermode, and isr64.asm (reverted to original entry/exit, no CS&3 check needed).
  MSR_GS_BASE / MSR_KERNEL_GS_BASE still programmed (future-proof), not relied on.
- isr.c debug GS/PTE introspection trimmed to keep only usable fault diagnostics
  (RIP/RSP/CS/err print, CR2 + PML4/PDPT/PD/PT walk for #14).

### Outstanding (next):
- Phase 2.3: S8 zombie reaping via sys_wait (waitpid-equivalent), process_kill for sys_kill
- Phase 2.3: verify fork clone resumes at ring-3 return of sys_fork caller
- Phase 2.4: NX/SMEP/SMAP + user-stack guard page in process_create_user
- git init + baseline commit (next) before further increments
## Phase 2.3 VERIFIED (2026-09-25, qemu -vga none -display none)
- Root-caused original fork #PF: process_fork/create_user/destroy, elf_load, mmap all
  restored to paging_get_directory() = &physical_directory[0] (KERNEL dir) on syscall
  exit, so the ring-3 resume ran under kernel CR3 where 0x40000000+ is unmapped
  (fault CR3 0x29e000 = kernel_pml4 phys; PML4[0]=0x29f023, PDPT[1]=0 matched).
- Fix: paging_get_active() (returns active_dir) used at every switch-restore point:
  process.c fork/create_user(201)/destroy(G 261-262), elf.c (93,224), mmap.c (44,81,106).
  Scheduler compare + idle/kernel dir anchors unchanged.
- "Parent never resumed" was an instrumentation artifact: screen_scroll did full
  framebuffer clear (fb_fill, 1024x768 pixel walk) on every wrap; with -vga std
  -display none each wrap cost ~1.4s via FIFO-stalled string of writes, so debug
  spam timed runs out. No exception under qemu -d int,cpu_reset. Fixed: screen_scroll
  -> fbcon_scroll (memmove rows + clear last row only).
- Removed schedule/kprintf probe spam; isr.c per-IRQ serial prints removed.
- Found+fixed libc bug: wait() cast &status to (int), sign-extending the pointer to
  0xffffffffbfffefdc (kernel USER_ADDR_MAX 0xFFFF800000000000 rejected it) -> status
  never written back. Fixed cast to (long).
- Boot/perf: headless QA uses -vga none (VGA text path, fb_detect fails -> fast);
  -vga std + -display none LFB writes are the pathological slowness (QEMU artifact).
- RESULT (3/3 runs, 15s timeout): child "my fork() returned 0" + exit 7; parent
  "wait() reaped PID 4 with status 7"; "wait(-1) with no children -> -1 (errno 10)";
  hello exits 0; "myos>" shell prompt reached. No Unhandled/fault dumps. Phase 2.3 PASS.

## Phase 2.4 VERIFIED (2026-09-25, qemu -vga none -display none)
NX + SMEP + user-stack guard page.

Changes:
- EFER.NXE (NX) + CR4.SMEP, both CPUID-gated (CPUID leaf 0x80000001 EDX[20]
  for NX, leaf 7 EBX[7] for SMEP); unsupported CPUs skip the bit instead of
  #GP'ing on the CR4/EFER write. Gate print: "[CPU] NX=1 SMEP=1".
- NX (bit 63) honored in paging_map, paging_get_physical (masked in both
  4KB and 2MB-huge paths so NX never leaks into a returned physical
  address — the Phase 2.4 #GP root cause), paging_get_attrs (leaf NX kept).
- NX on writable ELF segments (both elf loaders) + all user-stack pages.
- Stack guard page: lowest user-stack page left unmapped; overflow #PF's
  with CR2 in the guard range instead of scribbling over ELF mappings.
- Process fork's eager-copy preserves exact per-page attrs (NX/exec/W) via
  paging_get_attrs so exec pages stay executable in the child.

QA:
3/3 headless boots (qemu -vga none):
- [CPU] NX=1 SMEP=1 on every boot; no Unhandled/Panics.
- forkdemo 3/3: child exits 7, parent reaps PID with status 7, wait(-1)->-1
  (errno 10), shell prompt "myos>" reached.
- Guard-page #14 verified via a TEMPORARY user/stacktrip.elf spawn:
  CR2=0xBFFFBF98 (stack-bottom/guard), leaf PT unmapped in walk, clean halt,
  no memory corruption. The TEMP spawn was reverted; forkdemo regression
  re-verified 3/3 after the revert.
Phase 2.4 PASS.

Phase 2.5: On-demand user-program launcher. Committed 12b2a36.
  - `myos>` shell gains `run <name>` dispatch (kernel/init_phase8.c:111) → feeds
    run_user_program() :43, which maps a name to the embedded ELF
    (hello/forkdemo/stacktrip — externs :31-36) and calls process_create_user.
  - On-demand: `run hello`, `run forkdemo`, `run stacktrip` — no boot-time spawn
    hack; stacktrip (Phase 2.4 QA artifact) runs interactively via its guard
    page, not auto-spawned. forkdemo still auto-spawns at boot for nesting QA.
  - Headless boot verified (serial): [PHASE8] Init complete, hello+forkdemo
    spawned, myos> prompt live; no FAIL/WARN/panic in log.
Phase 2.5 PASS.
